   Compiling dig-app v11.2.0 (C:\tmp\worktrees\app2950\crates\dig-app)
    Checking dig-app-core v11.2.0 (C:\tmp\worktrees\app2950\crates\dig-app-core)
    Checking dign v11.2.0 (C:\tmp\worktrees\app2950\crates\dign)
error[E0425]: cannot find value `COPIED_TITLE` in module `copy`
    --> crates\dig-app\src\bin\dig-app.rs:3943:23
     |
3943 |                 copy::COPIED_TITLE,
     |                       ^^^^^^^^^^^^ not found in `copy`

error[E0425]: cannot find value `COPIED_HEADING` in module `copy`
    --> crates\dig-app\src\bin\dig-app.rs:3944:23
     |
3944 |                 copy::COPIED_HEADING,
     |                       ^^^^^^^^^^^^^^ not found in `copy`

error[E0425]: cannot find value `COPIED_BODY` in module `copy`
    --> crates\dig-app\src\bin\dig-app.rs:3945:23
     |
3945 |                 copy::COPIED_BODY,
     |                       ^^^^^^^^^^^ not found in `copy`

error[E0425]: cannot find value `COPIED_TITLE` in module `copy`
    --> crates\dig-app\src\bin\dig-app.rs:3952:23
     |
3952 |                 copy::COPIED_TITLE,
     |                       ^^^^^^^^^^^^ not found in `copy`

error[E0061]: this function takes 2 arguments but 1 argument was supplied
    --> crates\dig-app\src\bin\dig-app.rs:3930:20
     |
3930 |         let body = copy::body(first_profile_cost_mojos());
     |                    ^^^^^^^^^^---------------------------- argument #2 of type `u64` is missing
     |
note: function defined here
    --> crates\dig-app-core\src\account\first_profile.rs:541:12
     |
 541 |     pub fn body(shortfall_mojos: u64, cost_mojos: u64) -> String {
     |            ^^^^
help: provide the argument
     |
3930 |         let body = copy::body(first_profile_cost_mojos(), /* u64 */);
     |                                                         +++++++++++

error[E0061]: this function takes 3 arguments but 2 arguments were supplied
    --> crates\dig-app\src\bin\dig-app.rs:3931:37
     |
3931 |         if confirmer.confirm_claim(&first_profile_claim(&address, &body))
     |                                     ^^^^^^^^^^^^^^^^^^^----------------- argument #3 of type `Option<&QrArt>` is missing
     |
note: function defined here
    --> crates\dig-app-core\src\account\first_profile.rs:433:8
     |
 433 | pub fn first_profile_claim<'a>(
     |        ^^^^^^^^^^^^^^^^^^^
help: provide the argument
     |
3931 |         if confirmer.confirm_claim(&first_profile_claim(&address, &body, /* Option<&QrArt> */))
     |                                                                        ++++++++++++++++++++++

Some errors have detailed explanations: E0061, E0425.
For more information about an error, try `rustc --explain E0061`.
error: could not compile `dig-app` (bin "dig-app" test) due to 6 previous errors
warning: build failed, waiting for other jobs to finish...
error: could not compile `dig-app` (bin "dig-app") due to 6 previous errors
